Component: ARM Compiler 5.05 update 1 (build 106) Tool: armlink [4d0efa]

==============================================================================

Section Cross References

    cpuusage.o(.text) refers to scheduler.o(.text) for rt_enter_critical
    cpuusage.o(.text) refers to clock.o(.text) for rt_tick_get
    cpuusage.o(.text) refers to idle.o(.text) for rt_thread_idle_sethook
    cpuusage.o(.text) refers to cpuusage.o(.data) for .data
    cpuusage.o(.text) refers to dictionary.o(.bss) for dicInfo
    dictionary.o(.text) refers to flash_control.o(.text) for getAppVertion
    dictionary.o(.text) refers to ctrl.o(.text) for SaveSetup
    dictionary.o(.text) refers to memmovea.o(.text) for __aeabi_memcpy
    dictionary.o(.text) refers to kservice.o(.text) for rt_memcpy
    dictionary.o(.text) refers to clock.o(.text) for rt_tick_get
    dictionary.o(.text) refers to exchange.o(.text) for at_printf
    dictionary.o(.text) refers to application.o(.bss) for Sys_Setup
    dictionary.o(.text) refers to dictionary.o(.bss) for .bss
    dictionary.o(.text) refers to dictionary.o(.data) for .data
    dictionary.o(.text) refers to thread.o(.text) for rt_thread_delay
    dictionary.o(.text) refers to my_cmd.o(.text) for cmd_reboot
    dictionary.o(.text) refers to telnet.o(.text) for telnet_server
    drv_spi.o(.text) refers to stm32f4xx_dma.o(.text) for DMA_ClearFlag
    drv_spi.o(.text) refers to stm32f4xx_spi.o(.text) for SPI_StructInit
    drv_spi.o(.text) refers to stm32f4xx_gpio.o(.text) for GPIO_ResetBits
    drv_spi.o(.text) refers to stm32f4xx_rcc.o(.text) for RCC_AHB1PeriphClockCmd
    drv_spi.o(.text) refers to spi_core.o(.text) for rt_spi_bus_register
    drv_spi.o(.text) refers to drv_spi.o(.data) for .data
    drv_spi.o(.text) refers to system_stm32f4xx.o(.data) for SystemCoreClock
    drv_spi.o(.text) refers to drv_spi.o(.bss) for .bss
    drv_spi.o(.data) refers to drv_spi.o(.text) for configure
    drv_spi.o(.rti_fn.1) refers to drv_spi.o(.text) for rt_hw_spi_init
    filefun.o(.text) refers to dfs_posix.o(.text) for opendir
    filefun.o(.text) refers to dfs_fs.o(.text) for dfs_statfs
    filefun.o(.text) refers to ldiv.o(.text) for __aeabi_ldivmod
    filefun.o(.text) refers to kservice.o(.text) for rt_kprintf
    filefun.o(.text) refers to dfs_file.o(.text) for dfs_file_open
    filefun.o(.text) refers to mem.o(.text) for rt_free
    filefun.o(.text) refers to dfs.o(.text) for dfs_normalize_path
    filefun.o(.text) refers to strcpy.o(.text) for strcpy
    filefun.o(.text) refers to printfa.o(i.__0sprintf) for __2sprintf
    filefun.o(.text) refers to strcmp.o(.text) for strcmp
    filefun.o(.text) refers to filefun.o(.bss) for .bss
    filefun.o(.text) refers to dfs.o(.data) for working_directory
    filefun.o(.text) refers to strrchr.o(.text) for strrchr
    filefun.o(.text) refers to clock.o(.text) for rt_tick_get
    monitor.o(.text) refers to ctrl.o(.text) for OutputLed
    monitor.o(.text) refers to clock.o(.text) for rt_tick_get
    monitor.o(.text) refers to thread.o(.text) for rt_thread_delay
    monitor.o(.text) refers to monitor.o(.data) for .data
    monitor.o(.text) refers to monitor.o(.bss) for .bss
    monitor.o(.rti_fn.6) refers to monitor.o(.text) for monitor_task
    romfs.o(.constdata) refers to romfs.o(.conststring) for .conststring
    romfs.o(.constdata) refers to romfs.o(.constdata) for _webnet_rtt_overview_htm
    romfs.o(.constdata) refers to romfs.o(.constdata) for _webnet_rtt_tcpip_htm
    romfs.o(.constdata) refers to romfs.o(.constdata) for _webnet_rtt_webnet_htm
    romfs.o(.constdata) refers to romfs.o(.conststring) for .conststring
    romfs.o(.constdata) refers to romfs.o(.constdata) for _webnet_rtt
    romfs.o(.constdata) refers to romfs.o(.constdata) for _webnet_arm_png
    romfs.o(.constdata) refers to romfs.o(.constdata) for _webnet_fm3_jpg
    romfs.o(.constdata) refers to romfs.o(.constdata) for _webnet_fujistu_gif
    romfs.o(.constdata) refers to romfs.o(.constdata) for _webnet_index_htm
    romfs.o(.constdata) refers to romfs.o(.constdata) for _webnet_logo_gif
    romfs.o(.constdata) refers to romfs.o(.constdata) for _webnet_rtt_logo_png
    romfs.o(.constdata) refers to romfs.o(.constdata) for _webnet_style_css
    romfs.o(.constdata) refers to romfs.o(.constdata) for _webnet_title_jpg
    romfs.o(.constdata) refers to romfs.o(.conststring) for .conststring
    romfs.o(.constdata) refers to romfs.o(.constdata) for _webnet
    romfs.o(.constdata) refers to romfs.o(.conststring) for .conststring
    romfs.o(.constdata) refers to romfs.o(.constdata) for _root_dirent
    startup.o(.text) refers to kservice.o(.text) for rt_kprintf
    startup.o(.text) refers to board.o(.text) for rt_hw_board_init
    startup.o(.text) refers to mem.o(.text) for rt_system_heap_init
    startup.o(.text) refers to scheduler.o(.text) for rt_system_scheduler_init
    startup.o(.text) refers to timer.o(.text) for rt_system_timer_init
[...]
    __fsym_list_date_desc                    0x0803dc3a   Data          20  rtc.o(.rodata.name)
    __fsym_set_date_name                     0x0803dc4e   Data           9  rtc.o(.rodata.name)
    __fsym_set_date_desc                     0x0803dc57   Data          35  rtc.o(.rodata.name)
    __fsym_set_time_name                     0x0803dc7a   Data           9  rtc.o(.rodata.name)
    __fsym_set_time_desc                     0x0803dc83   Data          34  rtc.o(.rodata.name)
    __rt_init_rti_start                      0x0803dca8   Data           4  components.o(.rti_fn.0)
    __rt_init_rti_board_start                0x0803dcac   Data           4  components.o(.rti_fn.0.end)
    __rt_init_rt_hw_spi_init                 0x0803dcb0   Data           4  drv_spi.o(.rti_fn.1)
    __rt_init_stm32_hw_usart_init            0x0803dcb4   Data           4  usart.o(.rti_fn.1)
    __rt_init_rti_board_end                  0x0803dcb8   Data           4  components.o(.rti_fn.1.end)
    __rt_init_eth_system_device_init         0x0803dcbc   Data           4  ethernetif.o(.rti_fn.2)
    __rt_init_stm_usbh_register              0x0803dcc0   Data           4  drv_usbh.o(.rti_fn.2)
    __rt_init_finsh_system_init              0x0803dcc4   Data           4  shell.o(.rti_fn.3)
    __rt_init_dfs_init                       0x0803dcc8   Data           4  dfs.o(.rti_fn.3)
    __rt_init_rt_i2c_core_init               0x0803dccc   Data           4  i2c_core.o(.rti_fn.3)
    __rt_init_monitor_task                   0x0803dcd0   Data           4  monitor.o(.rti_fn.6)
    __rt_init_tcpclient_init                 0x0803dcd4   Data           4  client.o(.rti_fn.6)
    __rt_init_rti_end                        0x0803dcd8   Data           4  components.o(.rti_fn.6.end)
    FSymTab$$Base                            0x0803dcdc   Number         0  stm32f4_rtc.o(FSymTab)
    __fsym_show_time                         0x0803dcdc   Data          12  stm32f4_rtc.o(FSymTab)
    __fsym_list_mem                          0x0803dce8   Data          12  mem.o(FSymTab)
    __fsym___cmd_ry                          0x0803dcf4   Data          12  tofile.o(FSymTab)
    __fsym_set_if                            0x0803dd00   Data          12  ethernetif.o(FSymTab)
    __fsym_set_dns                           0x0803dd0c   Data          12  ethernetif.o(FSymTab)
    __fsym_list_if                           0x0803dd18   Data          12  ethernetif.o(FSymTab)
    __fsym_list_tcps                         0x0803dd24   Data          12  ethernetif.o(FSymTab)
    __fsym_ping                              0x0803dd30   Data          12  ping.o(FSymTab)
    __fsym___cmd_ping                        0x0803dd3c   Data          12  ping.o(FSymTab)
    __fsym___cmd_reboot                      0x0803dd48   Data          12  my_cmd.o(FSymTab)
    __fsym___cmd_ps                          0x0803dd54   Data          12  my_cmd.o(FSymTab)
    __fsym___cmd_sem                         0x0803dd60   Data          12  my_cmd.o(FSymTab)
    __fsym___cmd_event                       0x0803dd6c   Data          12  my_cmd.o(FSymTab)
    __fsym___cmd_mt                          0x0803dd78   Data          12  my_cmd.o(FSymTab)
    __fsym___cmd_quit                        0x0803dd84   Data          12  my_cmd.o(FSymTab)
    __fsym___cmd_sendlog                     0x0803dd90   Data          12  my_cmd.o(FSymTab)
    __fsym___cmd_mb                          0x0803dd9c   Data          12  my_cmd.o(FSymTab)
    __fsym___cmd_mq                          0x0803dda8   Data          12  my_cmd.o(FSymTab)
    __fsym___cmd_timer                       0x0803ddb4   Data          12  my_cmd.o(FSymTab)
    __fsym___cmd_device                      0x0803ddc0   Data          12  my_cmd.o(FSymTab)
    __fsym___cmd_free                        0x0803ddcc   Data          12  my_cmd.o(FSymTab)
    __fsym___cmd_tcp                         0x0803ddd8   Data          12  my_cmd.o(FSymTab)
    __fsym___cmd_netif                       0x0803dde4   Data          12  my_cmd.o(FSymTab)
    __fsym___cmd_cls                         0x0803ddf0   Data          12  my_cmd.o(FSymTab)
    __fsym___cmd_time                        0x0803ddfc   Data          12  my_cmd.o(FSymTab)
    __fsym___cmd_date                        0x0803de08   Data          12  my_cmd.o(FSymTab)
    __fsym___cmd_clk                         0x0803de14   Data          12  my_cmd.o(FSymTab)
    __fsym___cmd_setmdn                      0x0803de20   Data          12  my_cmd.o(FSymTab)
    __fsym___cmd_setid                       0x0803de2c   Data          12  my_cmd.o(FSymTab)
    __fsym___cmd_testflash                   0x0803de38   Data          12  my_cmd.o(FSymTab)
    __fsym___cmd_listCbox                    0x0803de44   Data          12  my_cmd.o(FSymTab)
    __fsym___cmd_setfreq                     0x0803de50   Data          12  my_cmd.o(FSymTab)
    __fsym___cmd_setuser                     0x0803de5c   Data          12  my_cmd.o(FSymTab)
    __fsym___cmd_setpass                     0x0803de68   Data          12  my_cmd.o(FSymTab)
    __fsym___cmd_debugClose                  0x0803de74   Data          12  my_cmd.o(FSymTab)
    __fsym___cmd_debugOpen                   0x0803de80   Data          12  my_cmd.o(FSymTab)
    __fsym___cmd_connectInfo                 0x0803de8c   Data          12  my_cmd.o(FSymTab)
    __fsym___cmd_setport                     0x0803de98   Data          12  my_cmd.o(FSymTab)
    __fsym___cmd_setgprs                     0x0803dea4   Data          12  my_cmd.o(FSymTab)
    __fsym___cmd_uimcode                     0x0803deb0   Data          12  my_cmd.o(FSymTab)
    __fsym___cmd_sim                         0x0803debc   Data          12  my_cmd.o(FSymTab)
    __fsym___cmd_ver                         0x0803dec8   Data          12  my_cmd.o(FSymTab)
    __fsym___cmd_telnet                      0x0803ded4   Data          12  my_cmd.o(FSymTab)
    __fsym___cmd_listReport                  0x0803dee0   Data          12  my_cmd.o(FSymTab)
    __fsym_hello                             0x0803deec   Data          12  cmd.o(FSymTab)
    __fsym_version                           0x0803def8   Data          12  cmd.o(FSymTab)
    __fsym___cmd_version                     0x0803df04   Data          12  cmd.o(FSymTab)
    __fsym_list_thread                       0x0803df10   Data          12  cmd.o(FSymTab)
    __fsym___cmd_list_thread                 0x0803df1c   Data          12  cmd.o(FSymTab)
    __fsym_list_sem                          0x0803df28   Data          12  cmd.o(FSymTab)
    __fsym___cmd_list_sem                    0x0803df34   Data          12  cmd.o(FSymTab)
    __fsym_list_event                        0x0803df40   Data          12  cmd.o(FSymTab)
    __fsym___cmd_list_event                  0x0803df4c   Data          12  cmd.o(FSymTab)
    __fsym_list_mutex                        0x0803df58   Data          12  cmd.o(FSymTab)
    __fsym___cmd_list_mutex                  0x0803df64   Data          12  cmd.o(FSymTab)
    __fsym_list_mailbox                      0x0803df70   Data          12  cmd.o(FSymTab)
    __fsym___cmd_list_mailbox                0x0803df7c   Data          12  cmd.o(FSymTab)
    __fsym_list_msgqueue                     0x0803df88   Data          12  cmd.o(FSymTab)
    __fsym___cmd_list_msgqueue               0x0803df94   Data          12  cmd.o(FSymTab)
    __fsym_list_timer                        0x0803dfa0   Data          12  cmd.o(FSymTab)
    __fsym___cmd_list_timer                  0x0803dfac   Data          12  cmd.o(FSymTab)
    __fsym_list_device                       0x0803dfb8   Data          12  cmd.o(FSymTab)
    __fsym___cmd_list_device                 0x0803dfc4   Data          12  cmd.o(FSymTab)
    __fsym_list                              0x0803dfd0   Data          12  cmd.o(FSymTab)
    __fsym_msh                               0x0803dfdc   Data          12  msh.o(FSymTab)
    __fsym___cmd_help                        0x0803dfe8   Data          12  msh.o(FSymTab)
    __fsym_mkdir                             0x0803dff4   Data          12  dfs_posix.o(FSymTab)
    __fsym_cd                                0x0803e000   Data          12  dfs_posix.o(FSymTab)
    __fsym_mkfs                              0x0803e00c   Data          12  dfs_fs.o(FSymTab)
    __fsym_df                                0x0803e018   Data          12  dfs_fs.o(FSymTab)
    __fsym_pinMode                           0x0803e024   Data          12  pin.o(FSymTab)
    __fsym_pinWrite                          0x0803e030   Data          12  pin.o(FSymTab)
    __fsym_pinRead                           0x0803e03c   Data          12  pin.o(FSymTab)
    __fsym_list_date                         0x0803e048   Data          12  rtc.o(FSymTab)
    __fsym_set_date                          0x0803e054   Data          12  rtc.o(FSymTab)
    __fsym_set_time                          0x0803e060   Data          12  rtc.o(FSymTab)
    FSymTab$$Limit                           0x0803e06c   Number         0  rtc.o(FSymTab)
    Region$$Table$$Base                      0x0803e06c   Number         0  anon$$obj.o(Region$$Table)
    Region$$Table$$Limit                     0x0803e08c   Number         0  anon$$obj.o(Region$$Table)
    VSymTab$$Base                            0x0803e08c   Number         0  cmd.o(VSymTab)
    __vsym_dummy                             0x0803e08c   Data          16  cmd.o(VSymTab)
    VSymTab$$Limit                           0x0803e09c   Number         0  cmd.o(VSymTab)
    monitorTick                              0x2000002c   Data           4  monitor.o(.data)
    ret                                      0x20000038   Data           4  setpool.o(.data)
    log_set                                  0x2000003c   Data           4  abox_log.o(.data)
    DMATxDescToSet                           0x20000048   Data           4  stm32f4xx_eth.o(.data)
    DMARxDescToGet                           0x2000004c   Data           4  stm32f4xx_eth.o(.data)
    DMAPTPTxDescToSet                        0x20000050   Data           4  stm32f4xx_eth.o(.data)
    DMAPTPRxDescToGet                        0x20000054   Data           4  stm32f4xx_eth.o(.data)
    uart1                                    0x20000058   Data           5  usart.o(.data)
    uart3                                    0x2000005d   Data           5  usart.o(.data)
    SystemCoreClock                          0x20000064   Data           4  system_stm32f4xx.o(.data)
    AHBPrescTable                            0x20000068   Data          16  system_stm32f4xx.o(.data)
    rt_interrupt_nest                        0x20000090   Data           1  irq.o(.data)
    rt_object_trytake_hook                   0x200000c4   Data           4  object.o(.data)
    rt_object_take_hook                      0x200000c8   Data           4  object.o(.data)
    rt_object_put_hook                       0x200000cc   Data           4  object.o(.data)
    rt_object_container                      0x200000d0   Data         128  object.o(.data)
    rt_current_priority                      0x20000150   Data           1  scheduler.o(.data)
    rt_current_thread                        0x20000154   Data           4  scheduler.o(.data)
    rt_thread_ready_priority_group           0x20000158   Data           4  scheduler.o(.data)
    rt_thread_defunct                        0x20000160   Data           8  scheduler.o(.data)
    rt_interrupt_from_thread                 0x20000184   Data           4  cpuport.o(.data)
    rt_interrupt_to_thread                   0x20000188   Data           4  cpuport.o(.data)
    rt_thread_switch_interrupt_flag          0x2000018c   Data           4  cpuport.o(.data)
    fileType                                 0x20000190   Data           1  tofile.o(.data)
    h_errno                                  0x200001a0   Data           4  netdb.o(.data)
    index                                    0x200001b4   Data           4  tcpip.o(.data)
    netif_list                               0x200001e0   Data           4  netif.o(.data)
    netif_default                            0x200001e4   Data           4  netif.o(.data)
    pbuf_free_ooseq_pending                  0x200001e8   Data           1  pbuf.o(.data)
    tcp_active_pcbs_changed                  0x200001f0   Data           1  tcp.o(.data)
    tcp_ticks                                0x200001fc   Data           4  tcp.o(.data)
    tcp_bound_pcbs                           0x20000200   Data           4  tcp.o(.data)
    tcp_listen_pcbs                          0x20000204   Data           4  tcp.o(.data)
    tcp_active_pcbs                          0x20000208   Data           4  tcp.o(.data)
    tcp_tw_pcbs                              0x2000020c   Data           4  tcp.o(.data)
    tcp_tmp_pcb                              0x20000210   Data           4  tcp.o(.data)
    tcp_input_pcb                            0x2000022c   Data           4  tcp_in.o(.data)
    udp_pcbs                                 0x2000023c   Data           4  udp.o(.data)
    current_netif                            0x20000244   Data           4  ip.o(.data)
    current_header                           0x20000248   Data           4  ip.o(.data)
    current_iphdr_src                        0x2000024c   Data           4  ip.o(.data)
    current_iphdr_dest                       0x20000250   Data           4  ip.o(.data)
    etx_index                                0x20000258   Data           4  ethernetif.o(.data)
    erx_index                                0x2000025c   Data           4  ethernetif.o(.data)
    Eth_recv_len                             0x20000260   Data           2  client.o(.data)
    cliEvent                                 0x20000264   Data           4  client.o(.data)
    climqSend                                0x20000268   Data           4  client.o(.data)
    RF_MODEM_FREQ_DEV_0_1_data               0x2000027a   Data           5  si4463.o(.data)
    RF_MODEM_AGC_CONTROL_1_data              0x2000027f   Data           5  si4463.o(.data)
    RF_MODEM_RAW_SEARCH2_2_data              0x20000284   Data           6  si4463.o(.data)
    RF_MODEM_SPIKE_DET_2_data                0x2000028a   Data           6  si4463.o(.data)
    RF_POWER_UP_data                         0x20000290   Data           7  si4463.o(.data)
    RF_MODEM_AFC_LIMITER_1_3_data            0x20000297   Data           7  si4463.o(.data)
    RF_FRR_CTL_A_MODE_4_data                 0x2000029e   Data           8  si4463.o(.data)
    RF_FREQ_CONTROL_INTE_8_data              0x200002a6   Data         360  si4463.o(.data)
    RF_MODEM_MOD_TYPE_12_data                0x2000040e   Data          16  si4463.o(.data)
    RF_MODEM_TX_RAMP_DELAY_12_data           0x2000041e   Data          16  si4463.o(.data)
    RF_MODEM_BCR_NCO_OFFSET_2_12_data        0x2000042e   Data          16  si4463.o(.data)
    RF_MODEM_AGC_WINDOW_SIZE_12_data         0x2000043e   Data          16  si4463.o(.data)
    RF_MODEM_RAW_CONTROL_10_data             0x2000044e   Data          14  si4463.o(.data)
    RF_MODEM_CHFLT_RX1_CHFLT_COE13_7_0_12_data 0x2000045c   Data          16  si4463.o(.data)
    RF_MODEM_CHFLT_RX1_CHFLT_COE1_7_0_12_data 0x2000046c   Data          16  si4463.o(.data)
    RF_MODEM_CHFLT_RX2_CHFLT_COE7_7_0_12_data 0x2000047c   Data          16  si4463.o(.data)
    RF_SYNTH_PFDCP_CPFF_7_data               0x2000048c   Data          11  si4463.o(.data)
    RF_MODEM_DSA_CTRL1_5_data                0x20000497   Data           9  si4463.o(.data)
    sub_spi_device                           0x200004a0   Data           4  sub_g_init.o(.data)
    sub_lock                                 0x200004a4   Data           4  sub_g_init.o(.data)
    aboxMqInfo                               0x200004b0   Data           4  abox_exchange.o(.data)
    finsh_compile_sp                         0x200004c4   Data           4  finsh_compiler.o(.data)
    finsh_compile_pc                         0x200004c8   Data           4  finsh_compiler.o(.data)
    global_errno                             0x200004cc   Data           1  finsh_error.o(.data)
    global_sysvar_list                       0x20000514   Data           4  finsh_var.o(.data)
    global_syscall_list                      0x20000518   Data           4  finsh_vm.o(.data)
    finsh_sp                                 0x2000051c   Data           4  finsh_vm.o(.data)
    finsh_pc                                 0x20000520   Data           4  finsh_vm.o(.data)
    shell                                    0x20000528   Data           4  shell.o(.data)
    _syscall_table_begin                     0x2000052c   Data           4  symbol.o(.data)
    _syscall_table_end                       0x20000530   Data           4  symbol.o(.data)
    _sysvar_table_begin                      0x20000534   Data           4  symbol.o(.data)
    _sysvar_table_end                        0x20000538   Data           4  symbol.o(.data)
    working_directory                        0x20000540   Data         256  dfs.o(.data)
    MSCErrorCount                            0x20000658   Data           1  usbh_msc_core.o(.data)
    USBH_MSC_cb                              0x2000065c   Data          16  usbh_msc_core.o(.data)
    USR_Callbacks                            0x20000670   Data          72  usbh_usr.o(.data)
    USBH_HCD_INT_cb                          0x200006bc   Data          12  usbh_core.o(.data)
    USBH_HCD_INT_fops                        0x200006c8   Data           4  usbh_core.o(.data)
    file                                     0x200006d4   Data           4  exfuns.o(.data)
    ftemp                                    0x200006d8   Data           4  exfuns.o(.data)
    fatbuf                                   0x200006dc   Data           4  exfuns.o(.data)
    pIrqEventHandler                         0x200006e4   Data           4  wifi_board.o(.data)
    RxIrqCnt                                 0x200006e9   Data           1  wifi_driver.o(.data)
    g_bDeviceRestartIsRequired               0x200006ea   Data           1  wifi_driver.o(.data)
    g_SlDeviceStatus                         0x200006ec   Data           2  wifi_driver.o(.data)
    g_pCB                                    0x200006f0   Data           4  wifi_driver.o(.data)
    pPingCallBackFunc                        0x200006f4   Data           4  wifi_driver.o(.data)
    g_Status                                 0x200006fc   Data           1  cc3100.o(.data)
    dicInfo                                  0x2000070c   Data         117  dictionary.o(.bss)
    Sys_Setup                                0x20001020   Data         306  application.o(.bss)
    Cdma_Info                                0x20001152   Data         259  application.o(.bss)
    serial1                                  0x200037b8   Data          92  usart.o(.bss)
    serial3                                  0x20003814   Data          92  usart.o(.bss)
    rt_thread_priority_table                 0x20003b28   Data         256  scheduler.o(.bss)
    temp                                     0x20003eb8   Data        1024  tofile.o(.bss)
    dhcp_rx_options_val                      0x2000432c   Data          40  dhcp.o(.bss)
    dhcp_rx_options_given                    0x20004354   Data          10  dhcp.o(.bss)
    Eth_Rev_Buff                             0x20005480   Data        2048  client.o(.bss)
    spi_tx_buf                               0x20005d64   Data          64  si4463.o(.bss)
    spi_rx_buf                               0x20005da4   Data          64  si4463.o(.bss)
    serHeart                                 0x200061e4   Data        1024  abox_exchange.o(.bss)
    aboxInfo                                 0x200065e4   Data        7043  sub_g_a.o(.bss)
    net_addr                                 0x20008167   Data          48  ctrl.o(.bss)
    finsh_heap                               0x20008198   Data         128  finsh_heap.o(.bss)
    global_node_table                        0x20008218   Data         320  finsh_node.o(.bss)
    global_variable                          0x20008358   Data         192  finsh_var.o(.bss)
    finsh_vm_stack                           0x20008418   Data         256  finsh_vm.o(.bss)
    text_segment                             0x20008518   Data         128  finsh_vm.o(.bss)
    filesystem_operation_table               0x20008f2c   Data          16  dfs.o(.bss)
    filesystem_table                         0x20008f3c   Data          48  dfs.o(.bss)
    fd_table                                 0x20008f98   Data         320  dfs.o(.bss)
    USBH_MSC_CBWData                         0x20009124   Data          32  usbh_msc_bot.o(.bss)
    USBH_MSC_CSWData                         0x20009144   Data          16  usbh_msc_bot.o(.bss)
    USBH_MSC_BOTXferParam                    0x20009154   Data          16  usbh_msc_bot.o(.bss)
    MSC_Machine                              0x20009164   Data          74  usbh_msc_core.o(.bss)
    USBH_MSC_Param                           0x200091b0   Data          16  usbh_msc_scsi.o(.bss)
    USBH_DataInBuffer                        0x200091c0   Data         512  usbh_msc_scsi.o(.bss)
    USBH_CfgDesc                             0x200093c0   Data         512  usbh_stdreq.o(.bss)
    USB_Host                                 0x200095c0   Data         148  drv_usbh.o(.bss)
    USB_OTG_Core                             0x20009654   Data        1452  drv_usbh.o(.bss)
    usbhInfo                                 0x20009c00   Data        1032  drv_usbh.o(.bss)
    fs                                       0x2000a008   Data          12  exfuns.o(.bss)
    g__SlNonOsCB                             0x2000a020   Data          45  nonos.o(.bss)
    g_NetEntries                             0x2000a17e   Data         880  cc3100.o(.bss)
    Image$$RW_IRAM1$$ZI$$Limit               0x2000a938   Number         0  anon$$obj.o ABSOLUTE
    __initial_sp                             0x2000a938   Data           0  startup_stm32f4xx.o(STACK)



==============================================================================

Memory Map of the image

  Image Entry point : 0x08008189

  Load Region LR_IROM1 (Base: 0x08008000, Size: 0x000367a8, Max: 0x00400000, ABSOLUTE, COMPRESSED[0x000362e4])

    Execution Region ER_IROM1 (Base: 0x08008000, Size: 0x0003609c, Max: 0x00100000, ABSOLUTE)

    Base Addr    Size         Type   Attr      Idx    E Section Name        Object

    0x08008000   0x00000188   Data   RO          842    RESET               startup_stm32f4xx.o
    0x08008188   0x00000000   Code   RO         6364  * .ARM.Collect$$$$00000000  mc_w.l(entry.o)
    0x08008188   0x00000004   Code   RO         6686    .ARM.Collect$$$$00000001  mc_w.l(entry2.o)
    0x0800818c   0x00000004   Code   RO         6689    .ARM.Collect$$$$00000004  mc_w.l(entry5.o)
    0x08008190   0x00000000   Code   RO         6691    .ARM.Collect$$$$00000008  mc_w.l(entry7b.o)
    0x08008190   0x00000000   Code   RO         6693    .ARM.Collect$$$$0000000A  mc_w.l(entry8b.o)
    0x08008190   0x00000008   Code   RO         6694    .ARM.Collect$$$$0000000B  mc_w.l(entry9a.o)
    0x08008198   0x00000000   Code   RO         6696    .ARM.Collect$$$$0000000D  mc_w.l(entry10a.o)
    0x08008198   0x00000000   Code   RO         6698    .ARM.Collect$$$$0000000F  mc_w.l(entry11a.o)
    0x08008198   0x00000004   Code   RO         6687    .ARM.Collect$$$$00002712  mc_w.l(entry2.o)
    0x0800819c   0x0000093c   Code   RO          255    .text               dictionary.o
    0x08008ad8   0x000005f4   Code   RO          315    .text               drv_spi.o
    0x080090cc   0x00000a3c   Code   RO          341    .text               filefun.o
    0x08009b08   0x00000070   Code   RO          409    .text               monitor.o
    0x08009b78   0x000000cc   Code   RO          463    .text               startup.o
    0x08009c44   0x000001c4   Code   RO          483    .text               upload.o
    0x08009e08   0x000000c8   Code   RO          502    .text               wwdg.o
    0x08009ed0   0x00000074   Code   RO          520    .text               application.o
    0x08009f44   0x00000094   Code   RO          592    .text               check.o
    0x08009fd8   0x00000258   Code   RO          606    .text               setpool.o
    0x0800a230   0x000016a4   Code   RO          640    .text               abox_log.o
    0x0800b8d4   0x000000e8   Code   RO          683    .text               board.o
    0x0800b9bc   0x00000288   Code   RO          731    .text               stm32f4_rtc.o
    0x0800bc44   0x00002110   Code   RO          765    .text               stm32f4xx_eth.o
    0x0800dd54   0x0000000c   Code   RO          799    .text               stm32f4xx_it.o
    0x0800dd60   0x000003f0   Code   RO          815    .text               usart.o
    0x0800e150   0x00000024   Code   RO          843    .text               startup_stm32f4xx.o
    0x0800e174   0x00000194   Code   RO          848    .text               system_stm32f4xx.o
    0x0800e308   0x000001b0   Code   RO          870    .text               misc.o
    0x0800e4b8   0x00001298   Code   RO         1046    .text               stm32f4xx_dma.o
    0x0800f750   0x000002b8   Code   RO         1062    .text               stm32f4xx_exti.o
    0x0800fa08   0x0000063c   Code   RO         1078    .text               stm32f4xx_flash.o
    0x08010044   0x0000085c   Code   RO         1110    .text               stm32f4xx_gpio.o
    0x080108a0   0x000000e0   Code   RO         1190    .text               stm32f4xx_iwdg.o
    0x08010980   0x0000021c   Code   RO         1206    .text               stm32f4xx_pwr.o
    0x08010b9c   0x00000bc0   Code   RO         1222    .text               stm32f4xx_rcc.o
    0x0801175c   0x00001474   Code   RO         1256    .text               stm32f4xx_rtc.o
    0x08012bd0   0x00000a58   Code   RO         1288    .text               stm32f4xx_spi.o
    0x08013628   0x0000016c   Code   RO         1304    .text               stm32f4xx_syscfg.o
    0x08013794   0x00000d94   Code   RO         1336    .text               stm32f4xx_usart.o
    0x08014528   0x00000060   Code   RO         1367    .text               clock.o
    0x08014588   0x00000044   Code   RO         1381    .text               components.o
    0x080145cc   0x00000210   Code   RO         1399    .text               device.o
    0x080147dc   0x000000dc   Code   RO         1412    .text               idle.o
    0x080148b8   0x00000ccc   Code   RO         1431    .text               ipc.o
    0x08015584   0x00000038   Code   RO         1447    .text               irq.o
    0x080155bc   0x000007ec   Code   RO         1463    .text               kservice.o
    0x08015da8   0x000003ec   Code   RO         1483    .text               mem.o
    0x08016194   0x00000194   Code   RO         1520    .text               object.o
    0x08016328   0x00000234   Code   RO         1538    .text               scheduler.o
    0x0801655c   0x000003dc   Code   RO         1564    .text               thread.o
    0x08016938   0x0000041e   Code   RO         1580    .text               timer.o
    0x08016d56   0x00000002   PAD
    0x08016d58   0x0000010c   Code   RO         1611    .text               context_rvds.o
    0x08016e64   0x00000164   Code   RO         1615    .text               cpuport.o
    0x08016fc8   0x00000264   Code   RO         1655    .text               tofile.o
    0x0801722c   0x000003e8   Code   RO         1700    .text               ymodem.o
    0x08017614   0x00000ae0   Code   RO         1715    .text               api_lib.o
    0x080180f4   0x00001560   Code   RO         1794    .text               api_msg.o
    0x08019654   0x0000032c   Code   RO         1866    .text               netbuf.o
    0x08019980   0x00000250   Code   RO         1885    .text               netdb.o
    0x08019bd0   0x000000da   Code   RO         1925    .text               netifapi.o
    0x08019caa   0x00000002   PAD
    0x08019cac   0x000017c0   Code   RO         1970    .text               sockets.o
    0x0801b46c   0x000003b0   Code   RO         2025    .text               tcpip.o
    0x0801b81c   0x00000026   Code   RO         2083    .text               def.o
    0x0801b842   0x00000002   PAD
    0x0801b844   0x0000163c   Code   RO         2095    .text               dhcp.o
    0x0801ce80   0x0000062c   Code   RO         2133    .text               dns.o
    0x0801d4ac   0x00000022   Code   RO         2160    .text               init.o
    0x0801d4ce   0x00000002   PAD
    0x0801d4d0   0x00000264   Code   RO         2241    .text               netif.o
    0x0801d734   0x00000d70   Code   RO         2284    .text               pbuf.o
    0x0801e4a4   0x000001d8   Code   RO         2329    .text               raw.o
    0x0801e67c   0x00001104   Code   RO         2361    .text               tcp.o
    0x0801f780   0x00001678   Code   RO         2388    .text               tcp_in.o
    0x08020df8   0x00001050   Code   RO         2414    .text               tcp_out.o
    0x08021e48   0x00000270   Code   RO         2427    .text               timers.o
    0x080220b8   0x000004bc   Code   RO         2471    .text               udp.o
    0x08022574   0x0000035c   Code   RO         2506    .text               icmp.o
    0x080228d0   0x0000021c   Code   RO         2530    .text               inet_chksum.o
    0x08022aec   0x00000338   Code   RO         2542    .text               ip.o
    0x08022e24   0x00000268   Code   RO         2570    .text               ip_addr.o
    0x0802308c   0x00000ca8   Code   RO         2604    .text               etharp.o
    0x08023d34   0x000008b4   Code   RO         2637    .text               ethernetif.o
    0x080245e8   0x00000964   Code   RO         2708    .text               client.o
    0x08024f4c   0x00000404   Code   RO         2761    .text               sys_arch.o
    0x08025350   0x00000424   Code   RO         2792    .text               eth.o
    0x08025774   0x000002f0   Code   RO         2814    .text               ping.o
    0x08025a64   0x00000628   Code   RO         2843    .text               si4463.o
    0x0802608c   0x000003cc   Code   RO         2887    .text               sub_g_init.o
    0x08026458   0x00000904   Code   RO         2917    .text               exchange.o
    0x08026d5c   0x000004f8   Code   RO         2960    .text               abox_exchange.o
    0x08027254   0x00000dd4   Code   RO         2985    .text               sub_g_a.o
    0x08028028   0x000001c8   Code   RO         3009    .text               adc.o
    0x080281f0   0x0000021c   Code   RO         3033    .text               ctrl.o
    0x0802840c   0x000002e0   Code   RO         3060    .text               flash_control.o
    0x080286ec   0x00001008   Code   RO         3076    .text               my_cmd.o
    0x080296f4   0x00000a34   Code   RO         3208    .text               cmd.o
    0x0802a128   0x00000ba8   Code   RO         3292    .text               finsh_compiler.o
    0x0802acd0   0x00000024   Code   RO         3329    .text               finsh_error.o
    0x0802acf4   0x000001c0   Code   RO         3345    .text               finsh_heap.o
    0x0802aeb4   0x0000004c   Code   RO         3361    .text               finsh_init.o
    0x0802af00   0x00000160   Code   RO         3379    .text               finsh_node.o
    0x0802b060   0x00000600   Code   RO         3394    .text               finsh_ops.o
    0x0802b660   0x00000894   Code   RO         3412    .text               finsh_parser.o
    0x0802bef4   0x000005c0   Code   RO         3427    .text               finsh_token.o
    0x0802c4b4   0x00000170   Code   RO         3442    .text               finsh_var.o
    0x0802c624   0x000000b4   Code   RO         3465    .text               finsh_vm.o
    0x0802c6d8   0x000002b0   Code   RO         3492    .text               msh.o
    0x0802c988   0x00000758   Code   RO         3523    .text               shell.o
    0x0802d0e0   0x000005b8   Code   RO         3560    .text               telnet.o
    0x0802d698   0x0000058c   Code   RO         3584    .text               dfs_posix.o
    0x0802dc24   0x000002bc   Code   RO         3604    .text               dfs.o
    0x0802dee0   0x00000374   Code   RO         3631    .text               dfs_file.o
    0x0802e254   0x00000500   Code   RO         3643    .text               dfs_fs.o
    0x0802e754   0x000000e0   Code   RO         3673    .text               i2c_core.o
    0x0802e834   0x000000a4   Code   RO         3688    .text               i2c_dev.o
    0x0802e8d8   0x000000c8   Code   RO         3714    .text               pin.o
    0x0802e9a0   0x00000110   Code   RO         3747    .text               rtc.o
    0x0802eab0   0x000003bc   Code   RO         3771    .text               spi_core.o
    0x0802ee6c   0x0000007c   Code   RO         3786    .text               spi_dev.o
    0x0802eee8   0x000004ac   Code   RO         3798    .text               serial.o
    0x0802f394   0x000000d8   Code   RO         3810    .text               completion.o
    0x0802f46c   0x000002d6   Code   RO         3822    .text               dataqueue.o
    0x0802f742   0x00000384   Code   RO         3870    .text               ringbuffer.o
    0x0802fac6   0x000000ac   Code   RO         3895    .text               usb_hcd.o
    0x0802fb72   0x00000002   PAD
    0x0802fb74   0x00000e74   Code   RO         3929    .text               usb_hcd_int.o
    0x080309e8   0x000000f6   Code   RO         3949    .text               usbh_hcs.o
    0x08030ade   0x00000210   Code   RO         3977    .text               usbh_ioreq.o
    0x08030cee   0x00000002   PAD
    0x08030cf0   0x00000320   Code   RO         3996    .text               usbh_msc_bot.o
    0x08031010   0x00000294   Code   RO         4031    .text               usbh_msc_core.o
    0x080312a4   0x000003a8   Code   RO         4060    .text               usbh_msc_scsi.o
    0x0803164c   0x0000009c   Code   RO         4084    .text               usb_bsp.o
    0x080316e8   0x00000388   Code   RO         4109    .text               usbh_usr.o
    0x08031a70   0x00000634   Code   RO         4159    .text               usbh_core.o
    0x080320a4   0x000007f8   Code   RO         4183    .text               usb_core.o
    0x0803289c   0x00000344   Code   RO         4199    .text               usbh_stdreq.o
    0x08032be0   0x00000624   Code   RO         4222    .text               drv_usbh.o
    0x08033204   0x000000c8   Code   RO         4310    .text               diskio.o
    0x080332cc   0x00000124   Code   RO         4336    .text               exfuns.o
    0x080333f0   0x00002c76   Code   RO         4383    .text               ff.o
    0x08036066   0x00000002   PAD
    0x08036068   0x00000054   Code   RO         4400    .text               mycc936.o
    0x080360bc   0x0000082c   Code   RO         4501    .text               netapp.o
    0x080368e8   0x00000100   Code   RO         4520    .text               netcfg.o
    0x080369e8   0x000000f0   Code   RO         4538    .text               nonos.o
    0x08036ad8   0x00000a44   Code   RO         4557    .text               socket.o
    0x0803751c   0x000000dc   Code   RO         4585    .text               wifi_board.o
    0x080375f8   0x000003e0   Code   RO         4613    .text               wifi_device.o
    0x080379d8   0x00001098   Code   RO         4634    .text               wifi_driver.o
    0x08038a70   0x000000cc   Code   RO         4660    .text               wifi_spi.o
    0x08038b3c   0x00000a14   Code   RO         4681    .text               wlan.o
    0x08039550   0x00000b88   Code   RO         4699    .text               cc3100.o
    0x0803a0d8   0x00000062   Code   RO         6367    .text               mc_w.l(uldiv.o)
    0x0803a13a   0x00000062   Code   RO         6369    .text               mc_w.l(ldiv.o)
    0x0803a19c   0x0000001e   Code   RO         6371    .text               mc_w.l(llshl.o)
    0x0803a1ba   0x00000002   PAD
    0x0803a1bc   0x00000024   Code   RO         6373    .text               mc_w.l(rand.o)
    0x0803a1e0   0x000000a8   Code   RO         6380    .text               mc_w.l(mktime.o)
    0x0803a288   0x0000000e   Code   RO         6383    .text               mc_w.l(ctime.o)
    0x0803a296   0x00000040   Code   RO         6387    .text               mc_w.l(memmovea.o)
    0x0803a2d6   0x00000024   Code   RO         6389    .text               mc_w.l(memseta.o)
    0x0803a2fa   0x00000018   Code   RO         6391    .text               mc_w.l(strcat.o)
    0x0803a312   0x00000018   Code   RO         6395    .text               mc_w.l(strncpy.o)
    0x0803a32a   0x0000000e   Code   RO         6397    .text               mc_w.l(strlen.o)
    0x0803a338   0x0000001c   Code   RO         6399    .text               mc_w.l(strcmp.o)
    0x0803a354   0x0000001a   Code   RO         6401    .text               mc_w.l(memcmp.o)
    0x0803a36e   0x00000012   Code   RO         6403    .text               mc_w.l(strcpy.o)
    0x0803a380   0x0000001e   Code   RO         6405    .text               mc_w.l(strncmp.o)
    0x0803a39e   0x00000020   Code   RO         6407    .text               mc_w.l(strrchr.o)
    0x0803a3be   0x0000001a   Code   RO         6674    .text               mc_w.l(atoi.o)
    0x0803a3d8   0x0000001a   Code   RO         6676    .text               mc_w.l(atol.o)
    0x0803a3f2   0x000000e4   Code   RO         6678    .text               mf_w.l(dmul.o)
    0x0803a4d6   0x00000022   Code   RO         6680    .text               mf_w.l(dflti.o)
    0x0803a4f8   0x00000030   Code   RO         6684    .text               mf_w.l(cdcmple.o)
    0x0803a528   0x0000002c   Code   RO         6703    .text               mc_w.l(uidiv.o)
    0x0803a554   0x00000020   Code   RO         6705    .text               mc_w.l(llushr.o)
    0x0803a574   0x0000000c   Code   RO         6707    .text               mc_w.l(localtime_w.o)
    0x0803a580   0x0000008c   Code   RO         6710    .text               mc_w.l(localtime_i.o)
    0x0803a60c   0x000000bc   Code   RO         6713    .text               mc_w.l(asctime.o)
    0x0803a6c8   0x00000070   Code   RO         6724    .text               mc_w.l(strtol.o)
    0x0803a738   0x00000000   Code   RO         6726    .text               mc_w.l(iusefp.o)
    0x0803a738   0x000000ba   Code   RO         6727    .text               mf_w.l(depilogue.o)
    0x0803a7f2   0x0000014e   Code   RO         6729    .text               mf_w.l(dadd.o)
    0x0803a940   0x000000de   Code   RO         6731    .text               mf_w.l(ddiv.o)
    0x0803aa1e   0x00000030   Code   RO         6733    .text               mf_w.l(dfixul.o)
    0x0803aa4e   0x00000002   PAD
    0x0803aa50   0x00000030   Code   RO         6735    .text               mf_w.l(cdrcmple.o)
    0x0803aa80   0x00000024   Code   RO         6737    .text               mc_w.l(init.o)
    0x0803aaa4   0x00000024   Code   RO         6740    .text               mc_w.l(llsshr.o)
    0x0803aac8   0x00000008   Code   RO         6742    .text               mc_w.l(ctype_o.o)
    0x0803aad0   0x0000009e   Code   RO         6770    .text               mc_w.l(_strtoul.o)
    0x0803ab6e   0x0000001c   Code   RO         6773    .text               mc_w.l(_chval.o)
    0x0803ab8a   0x00000056   Code   RO         6783    .text               mc_w.l(__dczerorl2.o)
    0x0803abe0   0x00000028   Code   RO         6648    i.__0sprintf        mc_w.l(printfa.o)
    0x0803ac08   0x00000008   Code   RO         6717    i.__aeabi_errno_addr  mc_w.l(errno.o)
    0x0803ac10   0x0000000e   Code   RO         6777    i.__scatterload_copy  mc_w.l(handlers.o)
    0x0803ac1e   0x00000002   Code   RO         6778    i.__scatterload_null  mc_w.l(handlers.o)
    0x0803ac20   0x0000000e   Code   RO         6779    i.__scatterload_zeroinit  mc_w.l(handlers.o)
    0x0803ac2e   0x00000002   PAD
    0x0803ac30   0x00000164   Code   RO         6653    i._fp_digits        mc_w.l(printfa.o)
    0x0803ad94   0x000006dc   Code   RO         6654    i._printf_core      mc_w.l(printfa.o)
    0x0803b470   0x00000024   Code   RO         6655    i._printf_post_padding  mc_w.l(printfa.o)
    0x0803b494   0x0000002e   Code   RO         6656    i._printf_pre_padding  mc_w.l(printfa.o)
    0x0803b4c2   0x0000000a   Code   RO         6658    i._sputc            mc_w.l(printfa.o)
    0x0803b4cc   0x00000400   Data   RO          485    .constdata          upload.o
    0x0803b8cc   0x00000600   Data   RO          593    .constdata          check.o
    0x0803becc   0x00000014   Data   RO          817    .constdata          usart.o
    0x0803bee0   0x00000122   Data   RO         1465    .constdata          kservice.o
    0x0803c002   0x00000200   Data   RO         1701    .constdata          ymodem.o
    0x0803c202   0x00000002   PAD
    0x0803c204   0x00000040   Data   RO         1972    .constdata          sockets.o
    0x0803c244   0x0000001c   Data   RO         2208    .constdata          memp.o
    0x0803c260   0x00000054   Data   RO         2362    .constdata          tcp.o
    0x0803c2b4   0x00000004   Data   RO         2572    .constdata          ip_addr.o
    0x0803c2b8   0x00000004   Data   RO         2573    .constdata          ip_addr.o
    0x0803c2bc   0x0000000c   Data   RO         2606    .constdata          etharp.o
    0x0803c2c8   0x0000000f   Data   RO         3077    .constdata          my_cmd.o
    0x0803c2d7   0x00000001   PAD
    0x0803c2d8   0x00000050   Data   RO         3209    .constdata          cmd.o
    0x0803c328   0x000000c4   Data   RO         3395    .constdata          finsh_ops.o
    0x0803c3ec   0x00000040   Data   RO         3428    .constdata          finsh_token.o
    0x0803c42c   0x00000070   Data   RO         4340    .constdata          exfuns.o
    0x0803c49c   0x0000003a   Data   RO         4385    .constdata          ff.o
    0x0803c4d6   0x000003c0   Data   RO         4401    .constdata          mycc936.o
    0x0803c896   0x00000002   PAD
    0x0803c898   0x00000028   Data   RO         4502    .constdata          netapp.o
    0x0803c8c0   0x00000008   Data   RO         4521    .constdata          netcfg.o
    0x0803c8c8   0x00000040   Data   RO         4558    .constdata          socket.o
    0x0803c908   0x0000001c   Data   RO         4614    .constdata          wifi_device.o
    0x0803c924   0x00000090   Data   RO         4636    .constdata          wifi_driver.o
    0x0803c9b4   0x00000034   Data   RO         4682    .constdata          wlan.o
    0x0803c9e8   0x0000000c   Data   RO         6381    .constdata          mc_w.l(mktime.o)
    0x0803c9f4   0x0000000c   Data   RO         6711    .constdata          mc_w.l(localtime_i.o)
    0x0803ca00   0x00000039   Data   RO         6715    .constdata          mc_w.l(asctime.o)
    0x0803ca39   0x00000081   Data   RO         6743    .constdata          mc_w.l(ctype_o.o)
    0x0803caba   0x00000002   PAD
    0x0803cabc   0x00000004   Data   RO         6744    .constdata          mc_w.l(ctype_o.o)
    0x0803cac0   0x00000041   Data   RO          641    .conststring        abox_log.o
    0x0803cb01   0x00000003   PAD
    0x0803cb04   0x0000008c   Data   RO         2097    .conststring        dhcp.o
    0x0803cb90   0x00000075   Data   RO         2363    .conststring        tcp.o
    0x0803cc05   0x00000003   PAD
    0x0803cc08   0x00000055   Data   RO         2415    .conststring        tcp_out.o
    0x0803cc5d   0x00000003   PAD
    0x0803cc60   0x00000044   Data   RO         2607    .conststring        etharp.o
    0x0803cca4   0x000001d9   Data   RO         3078    .conststring        my_cmd.o
    0x0803ce7d   0x00000003   PAD
    0x0803ce80   0x000001ad   Data   RO         3210    .conststring        cmd.o
    0x0803d02d   0x00000003   PAD
    0x0803d030   0x000000f3   Data   RO         3330    .conststring        finsh_error.o
    0x0803d123   0x00000001   PAD
    0x0803d124   0x0000003e   Data   RO         3429    .conststring        finsh_token.o
    0x0803d162   0x00000002   PAD
    0x0803d164   0x0000004a   Data   RO         3561    .conststring        telnet.o
    0x0803d1ae   0x00000002   PAD
    0x0803d1b0   0x00000044   Data   RO         4341    .conststring        exfuns.o
    0x0803d1f4   0x000000a2   Data   RO         4701    .conststring        cc3100.o
    0x0803d296   0x0000000a   Data   RO          733    .rodata.name        stm32f4_rtc.o
    0x0803d2a0   0x00000013   Data   RO          734    .rodata.name        stm32f4_rtc.o
    0x0803d2b3   0x00000009   Data   RO         1486    .rodata.name        mem.o
    0x0803d2bc   0x0000001e   Data   RO         1487    .rodata.name        mem.o
    0x0803d2da   0x00000009   Data   RO         1658    .rodata.name        tofile.o
    0x0803d2e3   0x00000022   Data   RO         1659    .rodata.name        tofile.o
    0x0803d305   0x00000007   Data   RO         2640    .rodata.name        ethernetif.o
    0x0803d30c   0x0000001e   Data   RO         2641    .rodata.name        ethernetif.o
    0x0803d32a   0x00000008   Data   RO         2642    .rodata.name        ethernetif.o
    0x0803d332   0x00000017   Data   RO         2643    .rodata.name        ethernetif.o
    0x0803d349   0x00000008   Data   RO         2644    .rodata.name        ethernetif.o
    0x0803d351   0x00000023   Data   RO         2645    .rodata.name        ethernetif.o
    0x0803d374   0x0000000a   Data   RO         2646    .rodata.name        ethernetif.o
    0x0803d37e   0x0000001c   Data   RO         2647    .rodata.name        ethernetif.o
    0x0803d39a   0x00000005   Data   RO         2816    .rodata.name        ping.o
    0x0803d39f   0x00000012   Data   RO         2817    .rodata.name        ping.o
    0x0803d3b1   0x0000000b   Data   RO         2818    .rodata.name        ping.o
    0x0803d3bc   0x00000012   Data   RO         2819    .rodata.name        ping.o
    0x0803d3ce   0x0000000d   Data   RO         3079    .rodata.name        my_cmd.o
    0x0803d3db   0x0000000f   Data   RO         3080    .rodata.name        my_cmd.o
    0x0803d3ea   0x00000009   Data   RO         3081    .rodata.name        my_cmd.o
    0x0803d3f3   0x0000001c   Data   RO         3082    .rodata.name        my_cmd.o
    0x0803d40f   0x0000000a   Data   RO         3083    .rodata.name        my_cmd.o
    0x0803d419   0x00000018   Data   RO         3084    .rodata.name        my_cmd.o
    0x0803d431   0x0000000c   Data   RO         3085    .rodata.name        my_cmd.o
    0x0803d43d   0x0000001a   Data   RO         3086    .rodata.name        my_cmd.o
    0x0803d457   0x00000009   Data   RO         3087    .rodata.name        my_cmd.o
    0x0803d460   0x0000001a   Data   RO         3088    .rodata.name        my_cmd.o
    0x0803d47a   0x0000000b   Data   RO         3089    .rodata.name        my_cmd.o
    0x0803d485   0x0000000e   Data   RO         3090    .rodata.name        my_cmd.o
    0x0803d493   0x0000000e   Data   RO         3091    .rodata.name        my_cmd.o
    0x0803d4a1   0x0000000a   Data   RO         3092    .rodata.name        my_cmd.o
    0x0803d4ab   0x00000009   Data   RO         3093    .rodata.name        my_cmd.o
    0x0803d4b4   0x0000001c   Data   RO         3094    .rodata.name        my_cmd.o
    0x0803d4d0   0x00000009   Data   RO         3095    .rodata.name        my_cmd.o
    0x0803d4d9   0x0000001d   Data   RO         3096    .rodata.name        my_cmd.o
    0x0803d4f6   0x0000000c   Data   RO         3097    .rodata.name        my_cmd.o
    0x0803d502   0x0000001a   Data   RO         3098    .rodata.name        my_cmd.o
    0x0803d51c   0x0000000d   Data   RO         3099    .rodata.name        my_cmd.o
    0x0803d529   0x0000001b   Data   RO         3100    .rodata.name        my_cmd.o
    0x0803d544   0x0000000b   Data   RO         3101    .rodata.name        my_cmd.o
    0x0803d54f   0x00000025   Data   RO         3102    .rodata.name        my_cmd.o
    0x0803d574   0x0000000a   Data   RO         3103    .rodata.name        my_cmd.o
    0x0803d57e   0x0000001d   Data   RO         3104    .rodata.name        my_cmd.o
    0x0803d59b   0x0000000c   Data   RO         3105    .rodata.name        my_cmd.o
    0x0803d5a7   0x00000024   Data   RO         3106    .rodata.name        my_cmd.o
    0x0803d5cb   0x0000000a   Data   RO         3107    .rodata.name        my_cmd.o
    0x0803d5d5   0x0000000c   Data   RO         3108    .rodata.name        my_cmd.o
    0x0803d5e1   0x0000000b   Data   RO         3109    .rodata.name        my_cmd.o
    0x0803d5ec   0x00000029   Data   RO         3110    .rodata.name        my_cmd.o
    0x0803d615   0x0000000b   Data   RO         3111    .rodata.name        my_cmd.o
    0x0803d620   0x0000002b   Data   RO         3112    .rodata.name        my_cmd.o
    0x0803d64b   0x0000000a   Data   RO         3113    .rodata.name        my_cmd.o
    0x0803d655   0x00000010   Data   RO         3114    .rodata.name        my_cmd.o
    0x0803d665   0x0000000d   Data   RO         3115    .rodata.name        my_cmd.o
    0x0803d672   0x00000009   Data   RO         3116    .rodata.name        my_cmd.o
    0x0803d67b   0x0000000c   Data   RO         3117    .rodata.name        my_cmd.o
    0x0803d687   0x00000008   Data   RO         3118    .rodata.name        my_cmd.o
    0x0803d68f   0x00000010   Data   RO         3119    .rodata.name        my_cmd.o
    0x0803d69f   0x0000000c   Data   RO         3120    .rodata.name        my_cmd.o
    0x0803d6ab   0x0000000f   Data   RO         3121    .rodata.name        my_cmd.o
    0x0803d6ba   0x00000012   Data   RO         3122    .rodata.name        my_cmd.o
    0x0803d6cc   0x0000000e   Data   RO         3123    .rodata.name        my_cmd.o
    0x0803d6da   0x0000000a   Data   RO         3124    .rodata.name        my_cmd.o
    0x0803d6e4   0x0000000e   Data   RO         3125    .rodata.name        my_cmd.o
    0x0803d6f2   0x0000000a   Data   RO         3126    .rodata.name        my_cmd.o
    0x0803d6fc   0x0000000e   Data   RO         3127    .rodata.name        my_cmd.o
    0x0803d70a   0x0000000a   Data   RO         3128    .rodata.name        my_cmd.o
    0x0803d714   0x00000011   Data   RO         3129    .rodata.name        my_cmd.o
    0x0803d725   0x0000000d   Data   RO         3130    .rodata.name        my_cmd.o
    0x0803d732   0x00000010   Data   RO         3131    .rodata.name        my_cmd.o
    0x0803d742   0x0000000c   Data   RO         3132    .rodata.name        my_cmd.o
    0x0803d74e   0x00000012   Data   RO         3133    .rodata.name        my_cmd.o
    0x0803d760   0x0000001a   Data   RO         3134    .rodata.name        my_cmd.o
    0x0803d77a   0x0000000e   Data   RO         3135    .rodata.name        my_cmd.o
    0x0803d788   0x0000000a   Data   RO         3136    .rodata.name        my_cmd.o
    0x0803d792   0x0000000e   Data   RO         3137    .rodata.name        my_cmd.o
    0x0803d7a0   0x0000000a   Data   RO         3138    .rodata.name        my_cmd.o
    0x0803d7aa   0x0000000e   Data   RO         3139    .rodata.name        my_cmd.o
    0x0803d7b8   0x0000000d   Data   RO         3140    .rodata.name        my_cmd.o
    0x0803d7c5   0x0000000a   Data   RO         3141    .rodata.name        my_cmd.o
    0x0803d7cf   0x0000000d   Data   RO         3142    .rodata.name        my_cmd.o
    0x0803d7dc   0x0000000a   Data   RO         3143    .rodata.name        my_cmd.o
    0x0803d7e6   0x0000000d   Data   RO         3144    .rodata.name        my_cmd.o
    0x0803d7f3   0x0000000d   Data   RO         3145    .rodata.name        my_cmd.o
    0x0803d800   0x00000017   Data   RO         3146    .rodata.name        my_cmd.o
    0x0803d817   0x00000011   Data   RO         3147    .rodata.name        my_cmd.o
    0x0803d828   0x00000015   Data   RO         3148    .rodata.name        my_cmd.o
    0x0803d83d   0x00000006   Data   RO         3212    .rodata.name        cmd.o
    0x0803d843   0x00000010   Data   RO         3213    .rodata.name        cmd.o
    0x0803d853   0x00000008   Data   RO         3214    .rodata.name        cmd.o
    0x0803d85b   0x00000023   Data   RO         3215    .rodata.name        cmd.o
    0x0803d87e   0x0000000e   Data   RO         3216    .rodata.name        cmd.o
    0x0803d88c   0x00000023   Data   RO         3217    .rodata.name        cmd.o
    0x0803d8af   0x0000000c   Data   RO         3218    .rodata.name        cmd.o
    0x0803d8bb   0x0000000c   Data   RO         3219    .rodata.name        cmd.o
    0x0803d8c7   0x00000012   Data   RO         3220    .rodata.name        cmd.o
    0x0803d8d9   0x0000000c   Data   RO         3221    .rodata.name        cmd.o
    0x0803d8e5   0x00000009   Data   RO         3222    .rodata.name        cmd.o
    0x0803d8ee   0x00000019   Data   RO         3223    .rodata.name        cmd.o
    0x0803d907   0x0000000f   Data   RO         3224    .rodata.name        cmd.o
    0x0803d916   0x00000019   Data   RO         3225    .rodata.name        cmd.o
    0x0803d92f   0x0000000b   Data   RO         3226    .rodata.name        cmd.o
    0x0803d93a   0x00000015   Data   RO         3227    .rodata.name        cmd.o
    0x0803d94f   0x00000011   Data   RO         3228    .rodata.name        cmd.o
    0x0803d960   0x00000015   Data   RO         3229    .rodata.name        cmd.o
    0x0803d975   0x0000000b   Data   RO         3230    .rodata.name        cmd.o
    0x0803d980   0x00000015   Data   RO         3231    .rodata.name        cmd.o
    0x0803d995   0x00000011   Data   RO         3232    .rodata.name        cmd.o
    0x0803d9a6   0x00000015   Data   RO         3233    .rodata.name        cmd.o
    0x0803d9bb   0x0000000d   Data   RO         3234    .rodata.name        cmd.o
    0x0803d9c8   0x00000018   Data   RO         3235    .rodata.name        cmd.o
    0x0803d9e0   0x00000013   Data   RO         3236    .rodata.name        cmd.o
    0x0803d9f3   0x00000018   Data   RO         3237    .rodata.name        cmd.o
    0x0803da0b   0x0000000e   Data   RO         3238    .rodata.name        cmd.o
    0x0803da19   0x0000001d   Data   RO         3239    .rodata.name        cmd.o
    0x0803da36   0x00000014   Data   RO         3240    .rodata.name        cmd.o
    0x0803da4a   0x0000001d   Data   RO         3241    .rodata.name        cmd.o
    0x0803da67   0x0000000b   Data   RO         3242    .rodata.name        cmd.o
    0x0803da72   0x00000015   Data   RO         3243    .rodata.name        cmd.o
    0x0803da87   0x00000011   Data   RO         3244    .rodata.name        cmd.o
    0x0803da98   0x00000015   Data   RO         3245    .rodata.name        cmd.o
    0x0803daad   0x0000000c   Data   RO         3246    .rodata.name        cmd.o
    0x0803dab9   0x00000016   Data   RO         3247    .rodata.name        cmd.o
    0x0803dacf   0x00000012   Data   RO         3248    .rodata.name        cmd.o
    0x0803dae1   0x00000016   Data   RO         3249    .rodata.name        cmd.o
    0x0803daf7   0x00000005   Data   RO         3250    .rodata.name        cmd.o
    0x0803dafc   0x0000001a   Data   RO         3251    .rodata.name        cmd.o
    0x0803db16   0x00000006   Data   RO         3252    .rodata.name        cmd.o
    0x0803db1c   0x00000019   Data   RO         3253    .rodata.name        cmd.o
    0x0803db35   0x00000004   Data   RO         3494    .rodata.name        msh.o
    0x0803db39   0x00000011   Data   RO         3495    .rodata.name        msh.o
    0x0803db4a   0x0000000b   Data   RO         3496    .rodata.name        msh.o
    0x0803db55   0x0000000c   Data   RO         3497    .rodata.name        msh.o
    0x0803db61   0x00000006   Data   RO         3585    .rodata.name        dfs_posix.o
    0x0803db67   0x00000013   Data   RO         3586    .rodata.name        dfs_posix.o
    0x0803db7a   0x00000003   Data   RO         3587    .rodata.name        dfs_posix.o
    0x0803db7d   0x00000021   Data   RO         3588    .rodata.name        dfs_posix.o
    0x0803db9e   0x00000005   Data   RO         3644    .rodata.name        dfs_fs.o
    0x0803dba3   0x00000013   Data   RO         3645    .rodata.name        dfs_fs.o
    0x0803dbb6   0x00000003   Data   RO         3646    .rodata.name        dfs_fs.o
    0x0803dbb9   0x0000000e   Data   RO         3647    .rodata.name        dfs_fs.o
    0x0803dbc7   0x00000008   Data   RO         3716    .rodata.name        pin.o
    0x0803dbcf   0x00000016   Data   RO         3717    .rodata.name        pin.o
    0x0803dbe5   0x00000009   Data   RO         3718    .rodata.name        pin.o
    0x0803dbee   0x0000001c   Data   RO         3719    .rodata.name        pin.o
    0x0803dc0a   0x00000008   Data   RO         3720    .rodata.name        pin.o
    0x0803dc12   0x0000001e   Data   RO         3721    .rodata.name        pin.o
    0x0803dc30   0x0000000a   Data   RO         3749    .rodata.name        rtc.o
    0x0803dc3a   0x00000014   Data   RO         3750    .rodata.name        rtc.o
    0x0803dc4e   0x00000009   Data   RO         3751    .rodata.name        rtc.o
    0x0803dc57   0x00000023   Data   RO         3752    .rodata.name        rtc.o
    0x0803dc7a   0x00000009   Data   RO         3753    .rodata.name        rtc.o
    0x0803dc83   0x00000022   Data   RO         3754    .rodata.name        rtc.o
    0x0803dca5   0x00000003   PAD
    0x0803dca8   0x00000004   Data   RO         1382    .rti_fn.0           components.o
    0x0803dcac   0x00000004   Data   RO         1383    .rti_fn.0.end       components.o
    0x0803dcb0   0x00000004   Data   RO          318    .rti_fn.1           drv_spi.o
    0x0803dcb4   0x00000004   Data   RO          819    .rti_fn.1           usart.o
    0x0803dcb8   0x00000004   Data   RO         1384    .rti_fn.1.end       components.o
    0x0803dcbc   0x00000004   Data   RO         2648    .rti_fn.2           ethernetif.o
    0x0803dcc0   0x00000004   Data   RO         4224    .rti_fn.2           drv_usbh.o
    0x0803dcc4   0x00000004   Data   RO         3526    .rti_fn.3           shell.o
    0x0803dcc8   0x00000004   Data   RO         3607    .rti_fn.3           dfs.o
    0x0803dccc   0x00000004   Data   RO         3674    .rti_fn.3           i2c_core.o
    0x0803dcd0   0x00000004   Data   RO          412    .rti_fn.6           monitor.o
    0x0803dcd4   0x00000004   Data   RO         2711    .rti_fn.6           client.o
    0x0803dcd8   0x00000004   Data   RO         1385    .rti_fn.6.end       components.o
    0x0803dcdc   0x0000000c   Data   RO          735    FSymTab             stm32f4_rtc.o
    0x0803dce8   0x0000000c   Data   RO         1488    FSymTab             mem.o
    0x0803dcf4   0x0000000c   Data   RO         1660    FSymTab             tofile.o
    0x0803dd00   0x0000000c   Data   RO         2649    FSymTab             ethernetif.o
    0x0803dd0c   0x0000000c   Data   RO         2650    FSymTab             ethernetif.o
    0x0803dd18   0x0000000c   Data   RO         2651    FSymTab             ethernetif.o
    0x0803dd24   0x0000000c   Data   RO         2652    FSymTab             ethernetif.o
    0x0803dd30   0x0000000c   Data   RO         2820    FSymTab             ping.o
    0x0803dd3c   0x0000000c   Data   RO         2821    FSymTab             ping.o
    0x0803dd48   0x0000000c   Data   RO         3149    FSymTab             my_cmd.o
    0x0803dd54   0x0000000c   Data   RO         3150    FSymTab             my_cmd.o
    0x0803dd60   0x0000000c   Data   RO         3151    FSymTab             my_cmd.o
    0x0803dd6c   0x0000000c   Data   RO         3152    FSymTab             my_cmd.o
    0x0803dd78   0x0000000c   Data   RO         3153    FSymTab             my_cmd.o
    0x0803dd84   0x0000000c   Data   RO         3154    FSymTab             my_cmd.o
    0x0803dd90   0x0000000c   Data   RO         3155    FSymTab             my_cmd.o
    0x0803dd9c   0x0000000c   Data   RO         3156    FSymTab             my_cmd.o
    0x0803dda8   0x0000000c   Data   RO         3157    FSymTab             my_cmd.o
    0x0803ddb4   0x0000000c   Data   RO         3158    FSymTab             my_cmd.o
    0x0803ddc0   0x0000000c   Data   RO         3159    FSymTab             my_cmd.o
    0x0803ddcc   0x0000000c   Data   RO         3160    FSymTab             my_cmd.o
    0x0803ddd8   0x0000000c   Data   RO         3161    FSymTab             my_cmd.o
    0x0803dde4   0x0000000c   Data   RO         3162    FSymTab             my_cmd.o
    0x0803ddf0   0x0000000c   Data   RO         3163    FSymTab             my_cmd.o
    0x0803ddfc   0x0000000c   Data   RO         3164    FSymTab             my_cmd.o
    0x0803de08   0x0000000c   Data   RO         3165    FSymTab             my_cmd.o
    0x0803de14   0x0000000c   Data   RO         3166    FSymTab             my_cmd.o
    0x0803de20   0x0000000c   Data   RO         3167    FSymTab             my_cmd.o
    0x0803de2c   0x0000000c   Data   RO         3168    FSymTab             my_cmd.o
    0x0803de38   0x0000000c   Data   RO         3169    FSymTab             my_cmd.o
    0x0803de44   0x0000000c   Data   RO         3170    FSymTab             my_cmd.o
    0x0803de50   0x0000000c   Data   RO         3171    FSymTab             my_cmd.o
    0x0803de5c   0x0000000c   Data   RO         3172    FSymTab             my_cmd.o
    0x0803de68   0x0000000c   Data   RO         3173    FSymTab             my_cmd.o
    0x0803de74   0x0000000c   Data   RO         3174    FSymTab             my_cmd.o
    0x0803de80   0x0000000c   Data   RO         3175    FSymTab             my_cmd.o
    0x0803de8c   0x0000000c   Data   RO         3176    FSymTab             my_cmd.o
    0x0803de98   0x0000000c   Data   RO         3177    FSymTab             my_cmd.o
    0x0803dea4   0x0000000c   Data   RO         3178    FSymTab             my_cmd.o
    0x0803deb0   0x0000000c   Data   RO         3179    FSymTab             my_cmd.o
    0x0803debc   0x0000000c   Data   RO         3180    FSymTab             my_cmd.o
    0x0803dec8   0x0000000c   Data   RO         3181    FSymTab             my_cmd.o
    0x0803ded4   0x0000000c   Data   RO         3182    FSymTab             my_cmd.o
    0x0803dee0   0x0000000c   Data   RO         3183    FSymTab             my_cmd.o
    0x0803deec   0x0000000c   Data   RO         3254    FSymTab             cmd.o
    0x0803def8   0x0000000c   Data   RO         3255    FSymTab             cmd.o
    0x0803df04   0x0000000c   Data   RO         3256    FSymTab             cmd.o
    0x0803df10   0x0000000c   Data   RO         3257    FSymTab             cmd.o
    0x0803df1c   0x0000000c   Data   RO         3258    FSymTab             cmd.o
    0x0803df28   0x0000000c   Data   RO         3259    FSymTab             cmd.o
    0x0803df34   0x0000000c   Data   RO         3260    FSymTab             cmd.o
    0x0803df40   0x0000000c   Data   RO         3261    FSymTab             cmd.o
    0x0803df4c   0x0000000c   Data   RO         3262    FSymTab             cmd.o
    0x0803df58   0x0000000c   Data   RO         3263    FSymTab             cmd.o
    0x0803df64   0x0000000c   Data   RO         3264    FSymTab             cmd.o
    0x0803df70   0x0000000c   Data   RO         3265    FSymTab             cmd.o
    0x0803df7c   0x0000000c   Data   RO         3266    FSymTab             cmd.o
    0x0803df88   0x0000000c   Data   RO         3267    FSymTab             cmd.o
    0x0803df94   0x0000000c   Data   RO         3268    FSymTab             cmd.o
    0x0803dfa0   0x0000000c   Data   RO         3269    FSymTab             cmd.o
    0x0803dfac   0x0000000c   Data   RO         3270    FSymTab             cmd.o
    0x0803dfb8   0x0000000c   Data   RO         3271    FSymTab             cmd.o
    0x0803dfc4   0x0000000c   Data   RO         3272    FSymTab             cmd.o
    0x0803dfd0   0x0000000c   Data   RO         3273    FSymTab             cmd.o
    0x0803dfdc   0x0000000c   Data   RO         3498    FSymTab             msh.o
    0x0803dfe8   0x0000000c   Data   RO         3499    FSymTab             msh.o
    0x0803dff4   0x0000000c   Data   RO         3589    FSymTab             dfs_posix.o
    0x0803e000   0x0000000c   Data   RO         3590    FSymTab             dfs_posix.o
    0x0803e00c   0x0000000c   Data   RO         3648    FSymTab             dfs_fs.o
    0x0803e018   0x0000000c   Data   RO         3649    FSymTab             dfs_fs.o
    0x0803e024   0x0000000c   Data   RO         3722    FSymTab             pin.o
    0x0803e030   0x0000000c   Data   RO         3723    FSymTab             pin.o
    0x0803e03c   0x0000000c   Data   RO         3724    FSymTab             pin.o
    0x0803e048   0x0000000c   Data   RO         3755    FSymTab             rtc.o
    0x0803e054   0x0000000c   Data   RO         3756    FSymTab             rtc.o
    0x0803e060   0x0000000c   Data   RO         3757    FSymTab             rtc.o
    0x0803e06c   0x00000020   Data   RO         6775    Region$$Table       anon$$obj.o
    0x0803e08c   0x00000010   Data   RO         3274    VSymTab             cmd.o


    Execution Region RW_IRAM1 (Base: 0x20000000, Size: 0x0000a938, Max: 0x00110000, ABSOLUTE, COMPRESSED[0x00000248])

    Base Addr    Size         Type   Attr      Idx    E Section Name        Object

    0x20000000   0x00000010   Data   RW          257    .data               dictionary.o
    0x20000010   0x0000001c   Data   RW          317    .data               drv_spi.o
    0x2000002c   0x00000004   Data   RW          411    .data               monitor.o
    0x20000030   0x00000008   Data   RW          503    .data               wwdg.o
    0x20000038   0x00000004   Data   RW          607    .data               setpool.o
    0x2000003c   0x00000004   Data   RW          642    .data               abox_log.o
    0x20000040   0x00000018   Data   RW          767    .data               stm32f4xx_eth.o
    0x20000058   0x0000000a   Data   RW          818    .data               usart.o
    0x20000062   0x00000002   PAD
    0x20000064   0x00000014   Data   RW          849    .data               system_stm32f4xx.o
    0x20000078   0x00000010   Data   RW         1223    .data               stm32f4xx_rcc.o
    0x20000088   0x00000004   Data   RW         1368    .data               clock.o
    0x2000008c   0x00000004   Data   RW         1414    .data               idle.o
    0x20000090   0x00000001   Data   RW         1448    .data               irq.o
    0x20000091   0x00000003   PAD
    0x20000094   0x00000008   Data   RW         1466    .data               kservice.o
    0x2000009c   0x00000020   Data   RW         1485    .data               mem.o
    0x200000bc   0x00000094   Data   RW         1521    .data               object.o
    0x20000150   0x00000018   Data   RW         1540    .data               scheduler.o
    0x20000168   0x00000018   Data   RW         1582    .data               timer.o
    0x20000180   0x00000004   Data   RW         1616    .data               cpuport.o
    0x20000184   0x00000004   Data   RW         1617    .data               cpuport.o
    0x20000188   0x00000004   Data   RW         1618    .data               cpuport.o
    0x2000018c   0x00000004   Data   RW         1619    .data               cpuport.o
    0x20000190   0x00000001   Data   RW         1657    .data               tofile.o
    0x20000191   0x00000003   PAD
    0x20000194   0x00000004   Data   RW         1702    .data               ymodem.o
    0x20000198   0x00000014   Data   RW         1887    .data               netdb.o
    0x200001ac   0x00000008   Data   RW         1973    .data               sockets.o
    0x200001b4   0x00000010   Data   RW         2026    .data               tcpip.o
    0x200001c4   0x00000004   Data   RW         2098    .data               dhcp.o
    0x200001c8   0x00000014   Data   RW         2135    .data               dns.o
    0x200001dc   0x0000000c   Data   RW         2242    .data               netif.o
    0x200001e8   0x00000001   Data   RW         2285    .data               pbuf.o
    0x200001e9   0x00000003   PAD
    0x200001ec   0x00000004   Data   RW         2330    .data               raw.o
    0x200001f0   0x00000024   Data   RW         2364    .data               tcp.o
    0x20000214   0x0000001c   Data   RW         2390    .data               tcp_in.o
    0x20000230   0x00000008   Data   RW         2428    .data               timers.o
    0x20000238   0x00000008   Data   RW         2472    .data               udp.o
    0x20000240   0x00000014   Data   RW         2543    .data               ip.o
    0x20000254   0x00000001   Data   RW         2608    .data               etharp.o
    0x20000255   0x00000003   PAD
    0x20000258   0x00000008   Data   RW         2639    .data               ethernetif.o
    0x20000260   0x0000000c   Data   RW         2710    .data               client.o
    0x2000026c   0x00000006   Data   RW         2762    .data               sys_arch.o
    0x20000272   0x00000002   PAD
    0x20000274   0x00000004   Data   RW         2793    .data               eth.o
    0x20000278   0x00000002   Data   RW         2815    .data               ping.o
    0x2000027a   0x00000226   Data   RW         2845    .data               si4463.o
    0x200004a0   0x00000008   Data   RW         2888    .data               sub_g_init.o
    0x200004a8   0x00000004   Data   RW         2920    .data               exchange.o
    0x200004ac   0x00000004   Data   RW         2962    .data               abox_exchange.o
    0x200004b0   0x00000004   Data   RW         2963    .data               abox_exchange.o
    0x200004b4   0x00000001   Data   RW         2987    .data               sub_g_a.o
    0x200004b5   0x00000003   PAD
    0x200004b8   0x00000008   Data   RW         3010    .data               adc.o
    0x200004c0   0x00000004   Data   RW         3211    .data               cmd.o
    0x200004c4   0x00000008   Data   RW         3293    .data               finsh_compiler.o
    0x200004cc   0x00000040   Data   RW         3331    .data               finsh_error.o
    0x2000050c   0x00000008   Data   RW         3347    .data               finsh_heap.o
    0x20000514   0x00000004   Data   RW         3444    .data               finsh_var.o
    0x20000518   0x0000000c   Data   RW         3467    .data               finsh_vm.o
    0x20000524   0x00000004   Data   RW         3493    .data               msh.o
    0x20000528   0x00000004   Data   RW         3525    .data               shell.o
    0x2000052c   0x00000004   Data   RW         3544    .data               symbol.o
    0x20000530   0x00000004   Data   RW         3545    .data               symbol.o
    0x20000534   0x00000004   Data   RW         3546    .data               symbol.o
    0x20000538   0x00000004   Data   RW         3547    .data               symbol.o
    0x2000053c   0x00000004   Data   RW         3562    .data               telnet.o
    0x20000540   0x00000100   Data   RW         3606    .data               dfs.o
    0x20000640   0x00000004   Data   RW         3748    .data               rtc.o
    0x20000644   0x00000014   Data   RW         3998    .data               usbh_msc_bot.o
    0x20000658   0x00000002   Data   RW         4033    .data               usbh_msc_core.o
    0x2000065a   0x00000002   PAD
    0x2000065c   0x00000010   Data   RW         4034    .data               usbh_msc_core.o
    0x2000066c   0x00000001   Data   RW         4063    .data               usbh_msc_scsi.o
    0x2000066d   0x00000003   PAD
    0x20000670   0x00000048   Data   RW         4110    .data               usbh_usr.o
    0x200006b8   0x00000001   Data   RW         4111    .data               usbh_usr.o
    0x200006b9   0x00000003   PAD
    0x200006bc   0x0000000c   Data   RW         4160    .data               usbh_core.o
    0x200006c8   0x00000004   Data   RW         4161    .data               usbh_core.o
    0x200006cc   0x00000002   Data   RW         4162    .data               usbh_core.o
    0x200006ce   0x00000004   Data   RW         4201    .data               usbh_stdreq.o
    0x200006d2   0x00000002   PAD
    0x200006d4   0x0000000c   Data   RW         4342    .data               exfuns.o
    0x200006e0   0x00000002   Data   RW         4386    .data               ff.o
    0x200006e2   0x00000002   PAD
    0x200006e4   0x00000004   Data   RW         4586    .data               wifi_board.o
    0x200006e8   0x0000000c   Data   RW         4637    .data               wifi_driver.o
    0x200006f4   0x00000004   Data   RW         4638    .data               wifi_driver.o
    0x200006f8   0x00000004   Data   RW         4661    .data               wifi_spi.o
    0x200006fc   0x00000008   Data   RW         4702    .data               cc3100.o
    0x20000704   0x00000004   Data   RW         6374    .data               mc_w.l(rand.o)
    0x20000708   0x00000004   Data   RW         6720    .data               mc_w.l(errno.o)
    0x2000070c   0x00000075   Zero   RW          256    .bss                dictionary.o
    0x20000781   0x00000003   PAD
    0x20000784   0x000001e8   Zero   RW          316    .bss                drv_spi.o
    0x2000096c   0x00000124   Zero   RW          342    .bss                filefun.o
    0x20000a90   0x00000190   Zero   RW          410    .bss                monitor.o
    0x20000c20   0x00000400   Zero   RW          484    .bss                upload.o
    0x20001020   0x00000235   Zero   RW          521    .bss                application.o
    0x20001255   0x00000003   PAD
    0x20001258   0x00000048   Zero   RW          732    .bss                stm32f4_rtc.o
    0x200012a0   0x00002518   Zero   RW          766    .bss                stm32f4xx_eth.o
    0x200037b8   0x000000b8   Zero   RW          816    .bss                usart.o
    0x20003870   0x00000190   Zero   RW         1413    .bss                idle.o
    0x20003a00   0x00000100   Zero   RW         1464    .bss                kservice.o
    0x20003b00   0x00000028   Zero   RW         1484    .bss                mem.o
    0x20003b28   0x00000100   Zero   RW         1539    .bss                scheduler.o
    0x20003c28   0x00000290   Zero   RW         1581    .bss                timer.o
    0x20003eb8   0x00000400   Zero   RW         1656    .bss                tofile.o
    0x200042b8   0x00000014   Zero   RW         1886    .bss                netdb.o
    0x200042cc   0x00000060   Zero   RW         1971    .bss                sockets.o
    0x2000432c   0x00000032   Zero   RW         2096    .bss                dhcp.o
    0x2000435e   0x00000002   PAD
    0x20004360   0x00000663   Zero   RW         2134    .bss                dns.o
    0x200049c3   0x00000001   PAD
    0x200049c4   0x00000014   Zero   RW         2389    .bss                tcp_in.o
    0x200049d8   0x00000010   Zero   RW         2571    .bss                ip_addr.o
    0x200049e8   0x000000c8   Zero   RW         2605    .bss                etharp.o
    0x20004ab0   0x000009d0   Zero   RW         2638    .bss                ethernetif.o
    0x20005480   0x000008e4   Zero   RW         2709    .bss                client.o
    0x20005d64   0x00000080   Zero   RW         2844    .bss                si4463.o
    0x20005de4   0x00000800   Zero   RW         2961    .bss                abox_exchange.o
    0x200065e4   0x00001b83   Zero   RW         2986    .bss                sub_g_a.o
    0x20008167   0x00000030   Zero   RW         3034    .bss                ctrl.o
    0x20008197   0x00000001   PAD
    0x20008198   0x00000080   Zero   RW         3346    .bss                finsh_heap.o
    0x20008218   0x00000140   Zero   RW         3380    .bss                finsh_node.o
    0x20008358   0x000000c0   Zero   RW         3443    .bss                finsh_var.o
    0x20008418   0x00000180   Zero   RW         3466    .bss                finsh_vm.o
    0x20008598   0x00000994   Zero   RW         3524    .bss                shell.o
    0x20008f2c   0x000001ac   Zero   RW         3605    .bss                dfs.o
    0x200090d8   0x0000004c   Zero   RW         3715    .bss                pin.o
    0x20009124   0x00000040   Zero   RW         3997    .bss                usbh_msc_bot.o
    0x20009164   0x0000004a   Zero   RW         4032    .bss                usbh_msc_core.o
    0x200091ae   0x00000002   PAD
    0x200091b0   0x00000210   Zero   RW         4061    .bss                usbh_msc_scsi.o
    0x200093c0   0x00000200   Zero   RW         4200    .bss                usbh_stdreq.o
    0x200095c0   0x00000a48   Zero   RW         4223    .bss                drv_usbh.o
    0x2000a008   0x0000000c   Zero   RW         4337    .bss                exfuns.o
    0x2000a014   0x0000000c   Zero   RW         4384    .bss                ff.o
    0x2000a020   0x0000002d   Zero   RW         4539    .bss                nonos.o
    0x2000a04d   0x00000131   Zero   RW         4635    .bss                wifi_driver.o
    0x2000a17e   0x00000370   Zero   RW         4700    .bss                cc3100.o
    0x2000a4ee   0x00000002   PAD
    0x2000a4f0   0x0000002c   Zero   RW         6708    .bss                mc_w.l(localtime_w.o)
    0x2000a51c   0x0000001a   Zero   RW         6714    .bss                mc_w.l(asctime.o)
    0x2000a536   0x00000002   PAD
    0x2000a538   0x00000400   Zero   RW          840    STACK               startup_stm32f4xx.o


==============================================================================

Image component sizes


      Code (inc. data)   RO Data    RW Data    ZI Data      Debug   Object Name

      1272        316          0          8       2048       7021   abox_exchange.o
      5796       1478         65          4          0      18306   abox_log.o
       456        114          0          8          0       1487   adc.o
      2784        850          0          0          0      29098   api_lib.o
      5472       1216          0          0          0      30250   api_msg.o
       116         26          0          0        565       8998   application.o
       232         30          0          0          0      19760   board.o
         0          0          0          0          0     313836   canapp.o
      2952       1390        162          8        880       7169   cc3100.o
       148         10       1536          0          0       2086   check.o
      2404        860          4         12       2276      11598   client.o
        96          6          0          4          0       1656   clock.o
      2612       1112       1525          4          0      12204   cmd.o
       216          0          0          0          0       2043   completion.o
        68         12         16          0          0       1888   components.o
       268         24          0          0          0        788   context_rvds.o
       356        182          0         16          0       3643   cpuport.o
         0          0          0          0          0        384   cpuusage.o
       540         74          0          0         48       9978   ctrl.o
       726          0          0          0          0       5997   dataqueue.o
        38          0          0          0          0       1054   def.o
       528         62          0          0          0       4613   device.o
       700         24          4        256        428       8427   dfs.o
       884          6          0          0          0       5109   dfs_file.o
      1280        210         65          0          0      10592   dfs_fs.o
      1420         14         85          0          0       8539   dfs_posix.o
      5692       1022        140          4         50      21304   dhcp.o
      2364        146          0         16        117      26039   dictionary.o
       200          6          0          0          0       3945   diskio.o
      1580        230          0         20       1635      12279   dns.o
      1524        112          4         28        488       5639   drv_spi.o
      1572        314          4          0       2632      33799   drv_usbh.o
      1060        328          0          4          0       2817   eth.o
      3240        632         80          1        200      13005   etharp.o
      2228        688        201          8       2512      29626   ethernetif.o
      2308        498          0          4          0      15230   exchange.o
       292         12        180         12         12       2816   exfuns.o
     11382        134         58          2         12      37842   ff.o
      2620        612          0          0        292      17923   filefun.o
      2984         96          0          8          0      10294   finsh_compiler.o
        36          4        243         64          0       1673   finsh_error.o
       448         12          0          8        128       3523   finsh_heap.o
        76          4          0          0          0       1584   finsh_init.o
       352          4          0          0        320       3448   finsh_node.o
      1536         34        196          0          0       8996   finsh_ops.o
      2196         32          0          0          0      10825   finsh_parser.o
      1472         16        126          0          0       6668   finsh_token.o
       368         18          0          4        192       7505   finsh_var.o
       180         20          0         12        384       7138   finsh_vm.o
       736         68          0          0          0       4291   flash_control.o
         0          0          0          0          0      81950   flowcont.o
       224         16          4          0          0       2984   i2c_core.o
       164         12          0          0          0       2204   i2c_dev.o
       860        324          0          0          0       2519   icmp.o
       220         26          0          4        400       2943   idle.o
       540         58          0          0          0       3373   inet_chksum.o
        34          0          0          0          0      14120   init.o
       824        108          0         20          0      11322   ip.o
       616         62          8          0         16       9535   ip_addr.o
      3276         38          0          0          0      17943   ipc.o
        56          6          0          1          0       1478   irq.o
      2028        164        290          8        256      12288   kservice.o
      1004        148         51         32         40       5195   mem.o
         0          0         28          0          0       1125   memp.o
       432         70          0          0          0       2189   misc.o
       112         18          4          4        400       1529   monitor.o
       688         82         68          4          0       5291   msh.o
      4104       1898       2043          0          0      34919   my_cmd.o
        84         10        960          0          0       1345   mycc936.o
      2092         46         40          0          0      12696   netapp.o
       812        296          0          0          0       8253   netbuf.o
       256         16          8          0          0       2420   netcfg.o
       592        102          0         20         20      11863   netdb.o
       612         68          0         12          0      19565   netif.o
       218          0          0          0          0      10763   netifapi.o
       240         42          0          0         45       2718   nonos.o
       404          4          0        148          0       5652   object.o
      3440       1130          0          1          0      10331   pbuf.o
       200         18        141          0         76       4076   pin.o
       752        228         76          2          0       6532   ping.o
         0          0          0          0          0       2136   pipe.o
       472         88          0          4          0       3685   raw.o
       900          0          0          0          0       4552   ringbuffer.o
       272         12        153          4          0       2934   rtc.o
       564        114          0         24        256       5053   scheduler.o
      1196         24          0          0          0       6921   serial.o
       600        162          0          4          0       3206   setpool.o
      1880        226          4          4       2452       5496   shell.o
      1576         64          0        550        128       8914   si4463.o
         0          0          0          0          0       1647   slipif.o
      2628         62         64          0          0      13084   socket.o
      6080        624         64          8         96      39620   sockets.o
       956          0          0          0          0       6934   spi_core.o
       124         24          0          0          0       2575   spi_dev.o
       204        106          0          0          0       2015   startup.o
        36          8        392          0       1024        824   startup_stm32f4xx.o
       648        102         41          0         72       3936   stm32f4_rtc.o
      4760        350          0          0          0       9209   stm32f4xx_dma.o
      8464        286          0         24       9496      75465   stm32f4xx_eth.o
       696         72          0          0          0       2991   stm32f4xx_exti.o
      1596         96          0          0          0       8097   stm32f4xx_flash.o
      2140        136          0          0          0       5733   stm32f4xx_gpio.o
        12          0          0          0          0        941   stm32f4xx_it.o
       224         70          0          0          0       1593   stm32f4xx_iwdg.o
       540         72          0          0          0       2988   stm32f4xx_pwr.o
      3008        266          0         16          0      13955   stm32f4xx_rcc.o
      5236        108          0          0          0      18108   stm32f4xx_rtc.o
      2648        124          0          0          0       8965   stm32f4xx_spi.o
       364         82          0          0          0       1951   stm32f4xx_syscfg.o
      3476        166          0          0          0      10688   stm32f4xx_usart.o
      3540        554          0          1       7043      11865   sub_g_a.o
       972        132          0          8          0      11500   sub_g_init.o
         0          0          0         16          0       4425   symbol.o
      1028        232          0          6          0      10619   sys_arch.o
       404         40          0         20          0       2003   system_stm32f4xx.o
      4356        974        201         36          0      22792   tcp.o
      5752        866          0         28         20      16623   tcp_in.o
      4176        910         85          0          0      10255   tcp_out.o
       944        164          0         16          0      21429   tcpip.o
      1464        334         74          4          0      11124   telnet.o
       988         20          0          0          0       7286   thread.o
      1054         28          0         24        656       7651   timer.o
       624        134          0          8          0       4543   timers.o
       612        142         55          1       1024       4607   tofile.o
      1212        150          0          8          0      14637   udp.o
       452        138       1024          0       1024       2646   upload.o
      1008         54         24         10        184      22677   usart.o
       156          4          0          0          0      21907   usb_bsp.o
      2040         12          0          0          0      10146   usb_core.o
       172          0          0          0          0      22268   usb_hcd.o
      3700         10          0          0          0       6731   usb_hcd_int.o
      1588         62          0         18          0       6711   usbh_core.o
       246          0          0          0          0      10468   usbh_hcs.o
       528          0          0          0          0       4480   usbh_ioreq.o
       800         38          0         20         64       5807   usbh_msc_bot.o
       660         26          0         18         74       4461   usbh_msc_core.o
       936         20          0          1        528       5270   usbh_msc_scsi.o
       836          8          0          4        512       5941   usbh_stdreq.o
       904        500          0         73          0      15528   usbh_usr.o
       220         14          0          4          0      21751   wifi_board.o
       992         48         28          0          0      19846   wifi_device.o
      4248         64        144         16        305      22469   wifi_driver.o
       204         44          0          4          0       4488   wifi_spi.o
      2580         50         52          0          0      12312   wlan.o
       200         22          0          8          0       1481   wwdg.o
      1000         20        512          4          0       5181   ymodem.o

    ----------------------------------------------------------------------
    204604      27306      11392       1796      41444    1791998   Object Totals
         0          0         32          0          0          0   (incl. Generated)
        14          0         28         31         14          0   (incl. Padding)

    ----------------------------------------------------------------------

      Code (inc. data)   RO Data    RW Data    ZI Data      Debug   Library Member Name

        86          0          0          0          0          0   __dczerorl2.o
        28          0          0          0          0         68   _chval.o
       158          0          0          0          0         92   _strtoul.o
       188         16         57          0         26         88   asctime.o
        26          0          0          0          0         80   atoi.o
        26          0          0          0          0         80   atol.o
        14          0          0          0          0         80   ctime.o
         8          4        133          0          0         68   ctype_o.o
         0          0          0          0          0          0   entry.o
         0          0          0          0          0          0   entry10a.o
         0          0          0          0          0          0   entry11a.o
         8          4          0          0          0          0   entry2.o
         4          0          0          0          0          0   entry5.o
         0          0          0          0          0          0   entry7b.o
         0          0          0          0          0          0   entry8b.o
         8          4          0          0          0          0   entry9a.o
         8          4          0          4          0         68   errno.o
        30          0          0          0          0          0   handlers.o
        36          8          0          0          0         68   init.o
         0          0          0          0          0          0   iusefp.o
        98          0          0          0          0         84   ldiv.o
        30          0          0          0          0         68   llshl.o
        36          0          0          0          0         68   llsshr.o
        32          0          0          0          0         68   llushr.o
       140          6         12          0          0         76   localtime_i.o
        12          6          0          0         44         68   localtime_w.o
        26          0          0          0          0         80   memcmp.o
        64          0          0          0          0         76   memmovea.o
        36          0          0          0          0        108   memseta.o
       168         18         12          0          0         80   mktime.o
      2244         86          0          0          0        512   printfa.o
        36         10          0          4          0        136   rand.o
        24          0          0          0          0         68   strcat.o
        28          0          0          0          0         76   strcmp.o
        18          0          0          0          0         68   strcpy.o
        14          0          0          0          0         68   strlen.o
        30          0          0          0          0         80   strncmp.o
        24          0          0          0          0         76   strncpy.o
        32          0          0          0          0         68   strrchr.o
       112          0          0          0          0         88   strtol.o
        44          0          0          0          0         80   uidiv.o
        98          0          0          0          0         92   uldiv.o
        48          0          0          0          0         68   cdcmple.o
        48          0          0          0          0         68   cdrcmple.o
       334          0          0          0          0        148   dadd.o
       222          0          0          0          0        100   ddiv.o
       186          0          0          0          0        176   depilogue.o
        48          0          0          0          0         68   dfixul.o
        34          0          0          0          0         76   dflti.o
       228          0          0          0          0         96   dmul.o

    ----------------------------------------------------------------------
      5128        166        216          8         72       3680   Library Totals
         6          0          2          0          2          0   (incl. Padding)

    ----------------------------------------------------------------------

      Code (inc. data)   RO Data    RW Data    ZI Data      Debug   Library Name

      3974        166        214          8         70       2880   mc_w.l
      1148          0          0          0          0        800   mf_w.l

    ----------------------------------------------------------------------
      5128        166        216          8         72       3680   Library Totals

    ----------------------------------------------------------------------

==============================================================================


      Code (inc. data)   RO Data    RW Data    ZI Data      Debug   

    209732      27472      11608       1804      41516    1767182   Grand Totals
    209732      27472      11608        584      41516    1767182   ELF Image Totals (compressed)
    209732      27472      11608        584          0          0   ROM Totals

==============================================================================

    Total RO  Size (Code + RO Data)               221340 ( 216.15kB)
    Total RW  Size (RW Data + ZI Data)             43320 (  42.30kB)
    Total ROM Size (Code + RO Data + RW Data)     221924 ( 216.72kB)

==============================================================================

